// Bun Snapshot v1, https://goo.gl/fbAQLP

exports[`<VCardForm> 1`] = `"<style data-mantine-styles="classes">@media (max-width: 35.99375em) {.mantine-visible-from-xs {display: none !important;}}@media (min-width: 36em) {.mantine-hidden-from-xs {display: none !important;}}@media (max-width: 47.99375em) {.mantine-visible-from-sm {display: none !important;}}@media (min-width: 48em) {.mantine-hidden-from-sm {display: none !important;}}@media (max-width: 61.99375em) {.mantine-visible-from-md {display: none !important;}}@media (min-width: 62em) {.mantine-hidden-from-md {display: none !important;}}@media (max-width: 74.99375em) {.mantine-visible-from-lg {display: none !important;}}@media (min-width: 75em) {.mantine-hidden-from-lg {display: none !important;}}@media (max-width: 87.99375em) {.mantine-visible-from-xl {display: none !important;}}@media (min-width: 88em) {.mantine-hidden-from-xl {display: none !important;}}</style><style data-mantine-styles="inline">.__m__-P0-0{--grid-gutter:var(--mantine-spacing-md);}</style><div class="m-410352e9 mantine-Grid-root __m__-P0-0"><div class="m-dee7bd2f mantine-Grid-inner"><style data-mantine-styles="inline">.__m__-P0-2{--col-flex-grow:auto;--col-flex-basis:100%;--col-max-width:100%;}@media(min-width: 36em){.__m__-P0-2{--col-flex-grow:auto;--col-flex-basis:100%;--col-max-width:100%;}}@media(min-width: 48em){.__m__-P0-2{--col-flex-grow:auto;--col-flex-basis:50%;--col-max-width:50%;}}@media(min-width: 62em){.__m__-P0-2{--col-flex-grow:auto;--col-flex-basis:33.333333333333336%;--col-max-width:33.333333333333336%;}}</style><div class="m-96bdd299 mantine-Grid-col __m__-P0-2"><div class="m-46b77525 mantine-InputWrapper-root mantine-TextInput-root"><label data-required="true" for="mantine-P0-4" id="mantine-P0-4-label" class="m-8fdc1311 mantine-InputWrapper-label mantine-TextInput-label">FN<span aria-hidden="true" class="m-78a94662 mantine-InputWrapper-required mantine-TextInput-required"> *</span></label><p id="mantine-P0-4-description" class="m-fe47ce59 mantine-InputWrapper-description mantine-TextInput-description">Specifies the <mark>formatted</mark> text corresponding to the <mark>name</mark> of the object the vCard represents.</p><div style="--input-margin-top: calc(var(--mantine-spacing-xs) / 2);" data-variant="default" class="m-6c018570 mantine-Input-wrapper mantine-TextInput-wrapper"><input data-variant="default" placeholder="Mr. John Q. Public, Esq." required="" aria-invalid="false" aria-describedby="mantine-P0-4-description" id="mantine-P0-4" class="m-8fb7ebe7 mantine-Input-input mantine-TextInput-input"></div></div><div class="m-46b77525 mantine-InputWrapper-root mantine-TextInput-root"><label data-required="true" for="mantine-P0-10" id="mantine-P0-10-label" class="m-8fdc1311 mantine-InputWrapper-label mantine-TextInput-label">N<span aria-hidden="true" class="m-78a94662 mantine-InputWrapper-required mantine-TextInput-required"> *</span></label><p id="mantine-P0-10-description" class="m-fe47ce59 mantine-InputWrapper-description mantine-TextInput-description">Specifies the components of the <mark>name</mark> of the object the vCard represents.</p><div style="--input-margin-top: calc(var(--mantine-spacing-xs) / 2);" data-variant="default" class="m-6c018570 mantine-Input-wrapper mantine-TextInput-wrapper"><input data-variant="default" placeholder="Public;John;Quinlan;Mr.;Esq." required="" aria-invalid="false" aria-describedby="mantine-P0-10-description" id="mantine-P0-10" class="m-8fb7ebe7 mantine-Input-input mantine-TextInput-input"></div></div></div></div></div>"`;
